
Discarded input sections

 .comment       0x0000000000000000       0x12 /home/mduft/osdev/tachyon3/.build/x86_64/src/abort.o
 .eh_frame      0x0000000000000000       0x38 /home/mduft/osdev/tachyon3/.build/x86_64/src/abort.o
 .comment       0x0000000000000000       0x12 /home/mduft/osdev/tachyon3/.build/x86_64/src/bss.o
 .eh_frame      0x0000000000000000       0x38 /home/mduft/osdev/tachyon3/.build/x86_64/src/bss.o
 .comment       0x0000000000000000       0x12 /home/mduft/osdev/tachyon3/.build/x86_64/src/cga.o
 .eh_frame      0x0000000000000000       0x88 /home/mduft/osdev/tachyon3/.build/x86_64/src/cga.o
 .comment       0x0000000000000000       0x12 /home/mduft/osdev/tachyon3/.build/x86_64/src/idt.o
 .eh_frame      0x0000000000000000       0x38 /home/mduft/osdev/tachyon3/.build/x86_64/src/idt.o
 .comment       0x0000000000000000       0x12 /home/mduft/osdev/tachyon3/.build/x86_64/src/tachyon.o
 .eh_frame      0x0000000000000000       0x38 /home/mduft/osdev/tachyon3/.build/x86_64/src/tachyon.o

Memory Configuration

Name             Origin             Length             Attributes
*default*        0x0000000000000000 0xffffffffffffffff

Linker script and memory map

                0x0000000000100000                CORE_LMA_START = 0x100000
                0xffffffff80000000                CORE_VMA_OFF = 0xffffffff80000000
                0x00000000001000e8                . = (CORE_LMA_START + SIZEOF_HEADERS)
                0x00000000001000e8                _core_lma_start = .
                0xffffffff801000e8                _core_vma_start = (. + CORE_VMA_OFF)

.bootstrap      0x0000000000101000    0x18000
 *(.boot_text)
 .boot_text     0x0000000000101000       0xd6 /home/mduft/osdev/tachyon3/.build/x86_64/src/x86_64/boot.o
                0x0000000000101020                bootstrap_x86_64
 *(.boot_data)
 .boot_data     0x00000000001010d6    0x10008 /home/mduft/osdev/tachyon3/.build/x86_64/src/x86_64/boot.o
 .boot_data     0x00000000001110de       0x3a /home/mduft/osdev/tachyon3/.build/x86_64/src/x86_64/gdt.o
                0x00000000001110f6                x86_64_gdt_code
                0x00000000001110fe                x86_64_gdt_data
                0x0000000000111106                x86_64_tss
                0x000000000011110e                x86_64_gdt_ptr
 *fill*         0x0000000000111118        0x8 00
 .boot_data     0x0000000000111120      0x3ca /home/mduft/osdev/tachyon3/.build/x86_64/src/x86_64/idt.o
 *fill*         0x00000000001114ea      0xb16 00
 .boot_data     0x0000000000112000     0x7000 /home/mduft/osdev/tachyon3/.build/x86_64/src/x86_64/paging.o
                0x0000000000115fb0                x86_64_temp_mapspace
                0x0000000000117000                x86_64_pg_pdpt_high
                0x0000000000118000                x86_64_pg_pml4
                0xffffffff80119000                . = (. + CORE_VMA_OFF)

.text           0xffffffff80119000      0xb28 load address 0x0000000000119000
 *(.text*)
 .text          0xffffffff80119000        0x8 /home/mduft/osdev/tachyon3/.build/x86_64/src/abort.o
                0xffffffff80119000                abort
 .text          0xffffffff80119008       0x36 /home/mduft/osdev/tachyon3/.build/x86_64/src/bss.o
                0xffffffff80119008                bss_init
 *fill*         0xffffffff8011903e        0x2 00
 .text          0xffffffff80119040      0x22d /home/mduft/osdev/tachyon3/.build/x86_64/src/cga.o
                0xffffffff80119040                cga_init
                0xffffffff801190f2                cga_write
 *fill*         0xffffffff8011926d        0x3 00
 .text          0xffffffff80119270        0xe /home/mduft/osdev/tachyon3/.build/x86_64/src/idt.o
                0xffffffff80119270                interrupt_l0
 *fill*         0xffffffff8011927e        0x2 00
 .text          0xffffffff80119280       0x11 /home/mduft/osdev/tachyon3/.build/x86_64/src/tachyon.o
                0xffffffff80119280                boot
 *fill*         0xffffffff80119291        0x3 00
 .text          0xffffffff80119294        0x0 /home/mduft/osdev/tachyon3/.build/x86_64/src/x86_64/boot.o
 .text          0xffffffff80119294        0x0 /home/mduft/osdev/tachyon3/.build/x86_64/src/x86_64/gdt.o
 .text          0xffffffff80119294      0x88e /home/mduft/osdev/tachyon3/.build/x86_64/src/x86_64/idt.o
                0xffffffff80119624                x86_64_idt_init
                0xffffffff80119abf                x86_64_idt_set
 *fill*         0xffffffff80119b22        0x2 00
 .text          0xffffffff80119b24        0x0 /home/mduft/osdev/tachyon3/.build/x86_64/src/x86_64/paging.o
                0xffffffff80119b28                . = ALIGN (0x8)
 *fill*         0xffffffff80119b24        0x4 00
 *(.rodata*)

.iplt           0xffffffff80119b28        0x0 load address 0x0000000000119b28
 .iplt          0x0000000000000000        0x0 /home/mduft/osdev/tachyon3/.build/x86_64/src/bss.o

.rela.dyn       0xffffffff80119b28        0x0 load address 0x0000000000119b28
 .rela.iplt     0x0000000000000000        0x0 /home/mduft/osdev/tachyon3/.build/x86_64/src/bss.o
 .rela.text     0x0000000000000000        0x0 /home/mduft/osdev/tachyon3/.build/x86_64/src/bss.o
 .rela.boot_text
                0x0000000000000000        0x0 /home/mduft/osdev/tachyon3/.build/x86_64/src/bss.o

.data           0xffffffff8011a000        0x4 load address 0x000000000011a000
 *(.data)
 .data          0xffffffff8011a000        0x0 /home/mduft/osdev/tachyon3/.build/x86_64/src/abort.o
 .data          0xffffffff8011a000        0x0 /home/mduft/osdev/tachyon3/.build/x86_64/src/bss.o
 .data          0xffffffff8011a000        0x2 /home/mduft/osdev/tachyon3/.build/x86_64/src/cga.o
 *fill*         0xffffffff8011a002        0x2 00
 .data          0xffffffff8011a004        0x0 /home/mduft/osdev/tachyon3/.build/x86_64/src/idt.o
 .data          0xffffffff8011a004        0x0 /home/mduft/osdev/tachyon3/.build/x86_64/src/tachyon.o
 .data          0xffffffff8011a004        0x0 /home/mduft/osdev/tachyon3/.build/x86_64/src/x86_64/boot.o
 .data          0xffffffff8011a004        0x0 /home/mduft/osdev/tachyon3/.build/x86_64/src/x86_64/gdt.o
 .data          0xffffffff8011a004        0x0 /home/mduft/osdev/tachyon3/.build/x86_64/src/x86_64/idt.o
 .data          0xffffffff8011a004        0x0 /home/mduft/osdev/tachyon3/.build/x86_64/src/x86_64/paging.o
                0xffffffff8011a004                _core_vma_edata = .
                0x000000000011a004                _core_lma_edata = (. - CORE_VMA_OFF)

.igot.plt       0xffffffff8011a008        0x0 load address 0x000000000011a004
 .igot.plt      0x0000000000000000        0x0 /home/mduft/osdev/tachyon3/.build/x86_64/src/bss.o

.bss            0xffffffff8011b000     0x1000 load address 0x000000000011b000
 *(COMMON)
 *(.bss)
 .bss           0xffffffff8011b000        0x0 /home/mduft/osdev/tachyon3/.build/x86_64/src/abort.o
 .bss           0xffffffff8011b000        0x0 /home/mduft/osdev/tachyon3/.build/x86_64/src/bss.o
 .bss           0xffffffff8011b000        0x4 /home/mduft/osdev/tachyon3/.build/x86_64/src/cga.o
 .bss           0xffffffff8011b004        0x0 /home/mduft/osdev/tachyon3/.build/x86_64/src/idt.o
 .bss           0xffffffff8011b004        0x0 /home/mduft/osdev/tachyon3/.build/x86_64/src/tachyon.o
 .bss           0xffffffff8011b004        0x0 /home/mduft/osdev/tachyon3/.build/x86_64/src/x86_64/boot.o
 .bss           0xffffffff8011b004        0x0 /home/mduft/osdev/tachyon3/.build/x86_64/src/x86_64/gdt.o
 .bss           0xffffffff8011b004        0x0 /home/mduft/osdev/tachyon3/.build/x86_64/src/x86_64/idt.o
 .bss           0xffffffff8011b004        0x0 /home/mduft/osdev/tachyon3/.build/x86_64/src/x86_64/paging.o
                0xffffffff8011c000                . = ALIGN (0x1000)
 *fill*         0xffffffff8011b004      0xffc 00
                0xffffffff8011c000                _core_vma_ebss = .
                0x000000000011c000                _core_lma_ebss = (. - CORE_VMA_OFF)
                0xffffffff8011c000                _core_vma_end = .
                0x000000000011c000                _core_lma_end = (. - CORE_VMA_OFF)

/DISCARD/
 *(.comment)
 *(.eh_frame)
LOAD /home/mduft/osdev/tachyon3/.build/x86_64/src/abort.o
LOAD /home/mduft/osdev/tachyon3/.build/x86_64/src/bss.o
LOAD /home/mduft/osdev/tachyon3/.build/x86_64/src/cga.o
LOAD /home/mduft/osdev/tachyon3/.build/x86_64/src/idt.o
LOAD /home/mduft/osdev/tachyon3/.build/x86_64/src/tachyon.o
LOAD /home/mduft/osdev/tachyon3/.build/x86_64/src/x86_64/boot.o
LOAD /home/mduft/osdev/tachyon3/.build/x86_64/src/x86_64/gdt.o
LOAD /home/mduft/osdev/tachyon3/.build/x86_64/src/x86_64/idt.o
LOAD /home/mduft/osdev/tachyon3/.build/x86_64/src/x86_64/paging.o
OUTPUT(/home/mduft/osdev/tachyon3/.build/x86_64/x86_64-tachyon elf64-x86-64)

.debug_abbrev   0x0000000000000000      0x26f
 .debug_abbrev  0x0000000000000000       0x4a /home/mduft/osdev/tachyon3/.build/x86_64/src/abort.o
 .debug_abbrev  0x000000000000004a       0x73 /home/mduft/osdev/tachyon3/.build/x86_64/src/bss.o
 .debug_abbrev  0x00000000000000bd       0x99 /home/mduft/osdev/tachyon3/.build/x86_64/src/cga.o
 .debug_abbrev  0x0000000000000156       0x8f /home/mduft/osdev/tachyon3/.build/x86_64/src/idt.o
 .debug_abbrev  0x00000000000001e5       0x62 /home/mduft/osdev/tachyon3/.build/x86_64/src/tachyon.o
 .debug_abbrev  0x0000000000000247       0x14 /home/mduft/osdev/tachyon3/.build/x86_64/src/x86_64/boot.o
 .debug_abbrev  0x000000000000025b       0x14 /home/mduft/osdev/tachyon3/.build/x86_64/src/x86_64/idt.o

.debug_info     0x0000000000000000      0x5a5
 .debug_info    0x0000000000000000       0x8f /home/mduft/osdev/tachyon3/.build/x86_64/src/abort.o
 .debug_info    0x000000000000008f       0xe4 /home/mduft/osdev/tachyon3/.build/x86_64/src/bss.o
 .debug_info    0x0000000000000173      0x181 /home/mduft/osdev/tachyon3/.build/x86_64/src/cga.o
 .debug_info    0x00000000000002f4      0x115 /home/mduft/osdev/tachyon3/.build/x86_64/src/idt.o
 .debug_info    0x0000000000000409       0xad /home/mduft/osdev/tachyon3/.build/x86_64/src/tachyon.o
 .debug_info    0x00000000000004b6       0x78 /home/mduft/osdev/tachyon3/.build/x86_64/src/x86_64/boot.o
 .debug_info    0x000000000000052e       0x77 /home/mduft/osdev/tachyon3/.build/x86_64/src/x86_64/idt.o

.debug_line     0x0000000000000000      0x4d3
 .debug_line    0x0000000000000000       0x62 /home/mduft/osdev/tachyon3/.build/x86_64/src/abort.o
 .debug_line    0x0000000000000062       0x91 /home/mduft/osdev/tachyon3/.build/x86_64/src/bss.o
 .debug_line    0x00000000000000f3       0xed /home/mduft/osdev/tachyon3/.build/x86_64/src/cga.o
 .debug_line    0x00000000000001e0       0x95 /home/mduft/osdev/tachyon3/.build/x86_64/src/idt.o
 .debug_line    0x0000000000000275       0x68 /home/mduft/osdev/tachyon3/.build/x86_64/src/tachyon.o
 .debug_line    0x00000000000002dd       0x8e /home/mduft/osdev/tachyon3/.build/x86_64/src/x86_64/boot.o
 .debug_line    0x000000000000036b      0x168 /home/mduft/osdev/tachyon3/.build/x86_64/src/x86_64/idt.o

.debug_loc      0x0000000000000000      0x28c
 .debug_loc     0x0000000000000000       0x4c /home/mduft/osdev/tachyon3/.build/x86_64/src/abort.o
 .debug_loc     0x000000000000004c       0x60 /home/mduft/osdev/tachyon3/.build/x86_64/src/bss.o
 .debug_loc     0x00000000000000ac      0x120 /home/mduft/osdev/tachyon3/.build/x86_64/src/cga.o
 .debug_loc     0x00000000000001cc       0x60 /home/mduft/osdev/tachyon3/.build/x86_64/src/idt.o
 .debug_loc     0x000000000000022c       0x60 /home/mduft/osdev/tachyon3/.build/x86_64/src/tachyon.o

.debug_pubnames
                0x0000000000000000       0xa6
 .debug_pubnames
                0x0000000000000000       0x1c /home/mduft/osdev/tachyon3/.build/x86_64/src/abort.o
 .debug_pubnames
                0x000000000000001c       0x1f /home/mduft/osdev/tachyon3/.build/x86_64/src/bss.o
 .debug_pubnames
                0x000000000000003b       0x2d /home/mduft/osdev/tachyon3/.build/x86_64/src/cga.o
 .debug_pubnames
                0x0000000000000068       0x23 /home/mduft/osdev/tachyon3/.build/x86_64/src/idt.o
 .debug_pubnames
                0x000000000000008b       0x1b /home/mduft/osdev/tachyon3/.build/x86_64/src/tachyon.o

.debug_pubtypes
                0x0000000000000000       0xc5
 .debug_pubtypes
                0x0000000000000000       0x12 /home/mduft/osdev/tachyon3/.build/x86_64/src/abort.o
 .debug_pubtypes
                0x0000000000000012       0x1f /home/mduft/osdev/tachyon3/.build/x86_64/src/bss.o
 .debug_pubtypes
                0x0000000000000031       0x45 /home/mduft/osdev/tachyon3/.build/x86_64/src/cga.o
 .debug_pubtypes
                0x0000000000000076       0x30 /home/mduft/osdev/tachyon3/.build/x86_64/src/idt.o
 .debug_pubtypes
                0x00000000000000a6       0x1f /home/mduft/osdev/tachyon3/.build/x86_64/src/tachyon.o

.debug_aranges  0x0000000000000000      0x150
 .debug_aranges
                0x0000000000000000       0x30 /home/mduft/osdev/tachyon3/.build/x86_64/src/abort.o
 .debug_aranges
                0x0000000000000030       0x30 /home/mduft/osdev/tachyon3/.build/x86_64/src/bss.o
 .debug_aranges
                0x0000000000000060       0x30 /home/mduft/osdev/tachyon3/.build/x86_64/src/cga.o
 .debug_aranges
                0x0000000000000090       0x30 /home/mduft/osdev/tachyon3/.build/x86_64/src/idt.o
 .debug_aranges
                0x00000000000000c0       0x30 /home/mduft/osdev/tachyon3/.build/x86_64/src/tachyon.o
 .debug_aranges
                0x00000000000000f0       0x30 /home/mduft/osdev/tachyon3/.build/x86_64/src/x86_64/boot.o
 .debug_aranges
                0x0000000000000120       0x30 /home/mduft/osdev/tachyon3/.build/x86_64/src/x86_64/idt.o

.debug_str      0x0000000000000000      0x210
 .debug_str     0x0000000000000000       0x8e /home/mduft/osdev/tachyon3/.build/x86_64/src/abort.o
                                         0xa7 (size before relaxing)
 .debug_str     0x000000000000008e       0x59 /home/mduft/osdev/tachyon3/.build/x86_64/src/bss.o
                                         0xd7 (size before relaxing)
 .debug_str     0x00000000000000e7       0x99 /home/mduft/osdev/tachyon3/.build/x86_64/src/cga.o
                                        0x124 (size before relaxing)
 .debug_str     0x0000000000000180       0x59 /home/mduft/osdev/tachyon3/.build/x86_64/src/idt.o
                                         0xce (size before relaxing)
 .debug_str     0x00000000000001d9       0x37 /home/mduft/osdev/tachyon3/.build/x86_64/src/tachyon.o
                                         0xac (size before relaxing)
