
Discarded input sections

 .comment       0x0000000000000000       0x12 /home/mduft/osdev/tachyon3/.build/x86/src/abort.o
 .comment       0x0000000000000000       0x12 /home/mduft/osdev/tachyon3/.build/x86/src/bss.o
 .comment       0x0000000000000000       0x12 /home/mduft/osdev/tachyon3/.build/x86/src/cga.o
 .comment       0x0000000000000000       0x12 /home/mduft/osdev/tachyon3/.build/x86/src/idt.o
 .comment       0x0000000000000000       0x12 /home/mduft/osdev/tachyon3/.build/x86/src/tachyon.o

Memory Configuration

Name             Origin             Length             Attributes
*default*        0x0000000000000000 0xffffffffffffffff

Linker script and memory map

                0x0000000000100000                CORE_LMA_START = 0x100000
                0x00000000c0000000                CORE_VMA_OFF = 0xc0000000
                0x0000000000100094                . = (CORE_LMA_START + SIZEOF_HEADERS)
                0x0000000000100094                _core_lma_start = .
                0x00000000c0100094                _core_vma_start = (. + CORE_VMA_OFF)

.bootstrap      0x0000000000101000     0x4000
 *(.boot_text)
 .boot_text     0x0000000000101000       0x89 /home/mduft/osdev/tachyon3/.build/x86/src/x86/boot.o
                0x0000000000101010                bootstrap_x86
 *(.boot_data)
 .boot_data     0x0000000000101089       0x26 /home/mduft/osdev/tachyon3/.build/x86/src/x86/gdt.o
                0x0000000000101091                x86_gdt_code
                0x0000000000101099                x86_gdt_data
                0x00000000001010a1                x86_tss
                0x00000000001010a9                x86_gdt_ptr
 *fill*         0x00000000001010af        0x1 00
 .boot_data     0x00000000001010b0      0x1e6 /home/mduft/osdev/tachyon3/.build/x86/src/x86/idt.o
 *fill*         0x0000000000101296      0xd6a 00
 .boot_data     0x0000000000102000     0x3000 /home/mduft/osdev/tachyon3/.build/x86/src/x86/paging.o
                0x0000000000103fd8                x86_temp_mapspace
                0x0000000000104000                x86_pg_pd
                0x00000000c0105000                . = (. + CORE_VMA_OFF)

.text           0x00000000c0105000      0x910 load address 0x0000000000105000
 *(.text*)
 .text          0x00000000c0105000        0x7 /home/mduft/osdev/tachyon3/.build/x86/src/abort.o
                0x00000000c0105000                abort
 *fill*         0x00000000c0105007        0x1 00
 .text          0x00000000c0105008       0x2d /home/mduft/osdev/tachyon3/.build/x86/src/bss.o
                0x00000000c0105008                bss_init
 *fill*         0x00000000c0105035        0x3 00
 .text          0x00000000c0105038      0x1f0 /home/mduft/osdev/tachyon3/.build/x86/src/cga.o
                0x00000000c0105038                cga_init
                0x00000000c01050d6                cga_write
 .text          0x00000000c0105228        0x5 /home/mduft/osdev/tachyon3/.build/x86/src/idt.o
                0x00000000c0105228                interrupt_l0
 *fill*         0x00000000c010522d        0x3 00
 .text          0x00000000c0105230        0x5 /home/mduft/osdev/tachyon3/.build/x86/src/tachyon.o
                0x00000000c0105230                boot
 *fill*         0x00000000c0105235        0x3 00
 .text          0x00000000c0105238        0x0 /home/mduft/osdev/tachyon3/.build/x86/src/x86/boot.o
 .text          0x00000000c0105238        0x0 /home/mduft/osdev/tachyon3/.build/x86/src/x86/gdt.o
 .text          0x00000000c0105238      0x6d1 /home/mduft/osdev/tachyon3/.build/x86/src/x86/idt.o
                0x00000000c0105510                x86_idt_init
                0x00000000c01058af                x86_idt_set
 *fill*         0x00000000c0105909        0x3 00
 .text          0x00000000c010590c        0x0 /home/mduft/osdev/tachyon3/.build/x86/src/x86/paging.o
                0x00000000c0105910                . = ALIGN (0x8)
 *fill*         0x00000000c010590c        0x4 00
 *(.rodata*)

.iplt           0x00000000c0105910        0x0 load address 0x0000000000105910
 .iplt          0x0000000000000000        0x0 /home/mduft/osdev/tachyon3/.build/x86/src/bss.o

.rel.dyn        0x00000000c0105910        0x0 load address 0x0000000000105910
 .rel.iplt      0x0000000000000000        0x0 /home/mduft/osdev/tachyon3/.build/x86/src/bss.o
 .rel.text      0x0000000000000000        0x0 /home/mduft/osdev/tachyon3/.build/x86/src/bss.o
 .rel.boot_text
                0x0000000000000000        0x0 /home/mduft/osdev/tachyon3/.build/x86/src/bss.o

.data           0x00000000c0106000    0x11000 load address 0x0000000000106000
 *(.data)
 .data          0x00000000c0106000        0x0 /home/mduft/osdev/tachyon3/.build/x86/src/abort.o
 .data          0x00000000c0106000        0x0 /home/mduft/osdev/tachyon3/.build/x86/src/bss.o
 .data          0x00000000c0106000        0x2 /home/mduft/osdev/tachyon3/.build/x86/src/cga.o
 *fill*         0x00000000c0106002        0x2 00
 .data          0x00000000c0106004        0x0 /home/mduft/osdev/tachyon3/.build/x86/src/idt.o
 .data          0x00000000c0106004        0x0 /home/mduft/osdev/tachyon3/.build/x86/src/tachyon.o
 *fill*         0x00000000c0106004      0xffc 00
 .data          0x00000000c0107000    0x10000 /home/mduft/osdev/tachyon3/.build/x86/src/x86/boot.o
 .data          0x00000000c0117000        0x0 /home/mduft/osdev/tachyon3/.build/x86/src/x86/gdt.o
 .data          0x00000000c0117000        0x0 /home/mduft/osdev/tachyon3/.build/x86/src/x86/idt.o
 .data          0x00000000c0117000        0x0 /home/mduft/osdev/tachyon3/.build/x86/src/x86/paging.o
                0x00000000c0117000                _core_vma_edata = .
                0x0000000000117000                _core_lma_edata = (. - CORE_VMA_OFF)

.igot.plt       0x00000000c0117000        0x0 load address 0x0000000000117000
 .igot.plt      0x0000000000000000        0x0 /home/mduft/osdev/tachyon3/.build/x86/src/bss.o

.bss            0x00000000c0117000     0x1000 load address 0x0000000000117000
 *(COMMON)
 *(.bss)
 .bss           0x00000000c0117000        0x0 /home/mduft/osdev/tachyon3/.build/x86/src/abort.o
 .bss           0x00000000c0117000        0x0 /home/mduft/osdev/tachyon3/.build/x86/src/bss.o
 .bss           0x00000000c0117000        0x4 /home/mduft/osdev/tachyon3/.build/x86/src/cga.o
 .bss           0x00000000c0117004        0x0 /home/mduft/osdev/tachyon3/.build/x86/src/idt.o
 .bss           0x00000000c0117004        0x0 /home/mduft/osdev/tachyon3/.build/x86/src/tachyon.o
 .bss           0x00000000c0117004        0x0 /home/mduft/osdev/tachyon3/.build/x86/src/x86/boot.o
 .bss           0x00000000c0117004        0x0 /home/mduft/osdev/tachyon3/.build/x86/src/x86/gdt.o
 .bss           0x00000000c0117004        0x0 /home/mduft/osdev/tachyon3/.build/x86/src/x86/idt.o
 .bss           0x00000000c0117004        0x0 /home/mduft/osdev/tachyon3/.build/x86/src/x86/paging.o
                0x00000000c0118000                . = ALIGN (0x1000)
 *fill*         0x00000000c0117004      0xffc 00
                0x00000000c0118000                _core_vma_ebss = .
                0x0000000000118000                _core_lma_ebss = (. - CORE_VMA_OFF)
                0x00000000c0118000                _core_vma_end = .
                0x0000000000118000                _core_lma_end = (. - CORE_VMA_OFF)

/DISCARD/
 *(.comment)
 *(.eh_frame)
LOAD /home/mduft/osdev/tachyon3/.build/x86/src/abort.o
LOAD /home/mduft/osdev/tachyon3/.build/x86/src/bss.o
LOAD /home/mduft/osdev/tachyon3/.build/x86/src/cga.o
LOAD /home/mduft/osdev/tachyon3/.build/x86/src/idt.o
LOAD /home/mduft/osdev/tachyon3/.build/x86/src/tachyon.o
LOAD /home/mduft/osdev/tachyon3/.build/x86/src/x86/boot.o
LOAD /home/mduft/osdev/tachyon3/.build/x86/src/x86/gdt.o
LOAD /home/mduft/osdev/tachyon3/.build/x86/src/x86/idt.o
LOAD /home/mduft/osdev/tachyon3/.build/x86/src/x86/paging.o
OUTPUT(/home/mduft/osdev/tachyon3/.build/x86/x86-tachyon elf32-i386)

.debug_abbrev   0x0000000000000000      0x26f
 .debug_abbrev  0x0000000000000000       0x4a /home/mduft/osdev/tachyon3/.build/x86/src/abort.o
 .debug_abbrev  0x000000000000004a       0x73 /home/mduft/osdev/tachyon3/.build/x86/src/bss.o
 .debug_abbrev  0x00000000000000bd       0x99 /home/mduft/osdev/tachyon3/.build/x86/src/cga.o
 .debug_abbrev  0x0000000000000156       0x8f /home/mduft/osdev/tachyon3/.build/x86/src/idt.o
 .debug_abbrev  0x00000000000001e5       0x62 /home/mduft/osdev/tachyon3/.build/x86/src/tachyon.o
 .debug_abbrev  0x0000000000000247       0x14 /home/mduft/osdev/tachyon3/.build/x86/src/x86/boot.o
 .debug_abbrev  0x000000000000025b       0x14 /home/mduft/osdev/tachyon3/.build/x86/src/x86/idt.o

.debug_info     0x0000000000000000      0x51f
 .debug_info    0x0000000000000000       0x7b /home/mduft/osdev/tachyon3/.build/x86/src/abort.o
 .debug_info    0x000000000000007b       0xd4 /home/mduft/osdev/tachyon3/.build/x86/src/bss.o
 .debug_info    0x000000000000014f      0x155 /home/mduft/osdev/tachyon3/.build/x86/src/cga.o
 .debug_info    0x00000000000002a4      0x105 /home/mduft/osdev/tachyon3/.build/x86/src/idt.o
 .debug_info    0x00000000000003a9       0x9d /home/mduft/osdev/tachyon3/.build/x86/src/tachyon.o
 .debug_info    0x0000000000000446       0x6d /home/mduft/osdev/tachyon3/.build/x86/src/x86/boot.o
 .debug_info    0x00000000000004b3       0x6c /home/mduft/osdev/tachyon3/.build/x86/src/x86/idt.o

.debug_line     0x0000000000000000      0x432
 .debug_line    0x0000000000000000       0x5e /home/mduft/osdev/tachyon3/.build/x86/src/abort.o
 .debug_line    0x000000000000005e       0x8a /home/mduft/osdev/tachyon3/.build/x86/src/bss.o
 .debug_line    0x00000000000000e8       0xe2 /home/mduft/osdev/tachyon3/.build/x86/src/cga.o
 .debug_line    0x00000000000001ca       0x8e /home/mduft/osdev/tachyon3/.build/x86/src/idt.o
 .debug_line    0x0000000000000258       0x64 /home/mduft/osdev/tachyon3/.build/x86/src/tachyon.o
 .debug_line    0x00000000000002bc       0x7b /home/mduft/osdev/tachyon3/.build/x86/src/x86/boot.o
 .debug_line    0x0000000000000337       0xfb /home/mduft/osdev/tachyon3/.build/x86/src/x86/idt.o

.debug_loc      0x0000000000000000      0x17c
 .debug_loc     0x0000000000000000       0x2c /home/mduft/osdev/tachyon3/.build/x86/src/abort.o
 .debug_loc     0x000000000000002c       0x38 /home/mduft/osdev/tachyon3/.build/x86/src/bss.o
 .debug_loc     0x0000000000000064       0xa8 /home/mduft/osdev/tachyon3/.build/x86/src/cga.o
 .debug_loc     0x000000000000010c       0x38 /home/mduft/osdev/tachyon3/.build/x86/src/idt.o
 .debug_loc     0x0000000000000144       0x38 /home/mduft/osdev/tachyon3/.build/x86/src/tachyon.o

.debug_pubnames
                0x0000000000000000       0xa6
 .debug_pubnames
                0x0000000000000000       0x1c /home/mduft/osdev/tachyon3/.build/x86/src/abort.o
 .debug_pubnames
                0x000000000000001c       0x1f /home/mduft/osdev/tachyon3/.build/x86/src/bss.o
 .debug_pubnames
                0x000000000000003b       0x2d /home/mduft/osdev/tachyon3/.build/x86/src/cga.o
 .debug_pubnames
                0x0000000000000068       0x23 /home/mduft/osdev/tachyon3/.build/x86/src/idt.o
 .debug_pubnames
                0x000000000000008b       0x1b /home/mduft/osdev/tachyon3/.build/x86/src/tachyon.o

.debug_pubtypes
                0x0000000000000000       0xc5
 .debug_pubtypes
                0x0000000000000000       0x12 /home/mduft/osdev/tachyon3/.build/x86/src/abort.o
 .debug_pubtypes
                0x0000000000000012       0x1f /home/mduft/osdev/tachyon3/.build/x86/src/bss.o
 .debug_pubtypes
                0x0000000000000031       0x45 /home/mduft/osdev/tachyon3/.build/x86/src/cga.o
 .debug_pubtypes
                0x0000000000000076       0x30 /home/mduft/osdev/tachyon3/.build/x86/src/idt.o
 .debug_pubtypes
                0x00000000000000a6       0x1f /home/mduft/osdev/tachyon3/.build/x86/src/tachyon.o

.debug_aranges  0x0000000000000000       0xe0
 .debug_aranges
                0x0000000000000000       0x20 /home/mduft/osdev/tachyon3/.build/x86/src/abort.o
 .debug_aranges
                0x0000000000000020       0x20 /home/mduft/osdev/tachyon3/.build/x86/src/bss.o
 .debug_aranges
                0x0000000000000040       0x20 /home/mduft/osdev/tachyon3/.build/x86/src/cga.o
 .debug_aranges
                0x0000000000000060       0x20 /home/mduft/osdev/tachyon3/.build/x86/src/idt.o
 .debug_aranges
                0x0000000000000080       0x20 /home/mduft/osdev/tachyon3/.build/x86/src/tachyon.o
 .debug_aranges
                0x00000000000000a0       0x20 /home/mduft/osdev/tachyon3/.build/x86/src/x86/boot.o
 .debug_aranges
                0x00000000000000c0       0x20 /home/mduft/osdev/tachyon3/.build/x86/src/x86/idt.o

.debug_str      0x0000000000000000      0x210
 .debug_str     0x0000000000000000       0x8e /home/mduft/osdev/tachyon3/.build/x86/src/abort.o
                                         0xa7 (size before relaxing)
 .debug_str     0x000000000000008e       0x59 /home/mduft/osdev/tachyon3/.build/x86/src/bss.o
                                         0xd7 (size before relaxing)
 .debug_str     0x00000000000000e7       0x99 /home/mduft/osdev/tachyon3/.build/x86/src/cga.o
                                        0x124 (size before relaxing)
 .debug_str     0x0000000000000180       0x59 /home/mduft/osdev/tachyon3/.build/x86/src/idt.o
                                         0xce (size before relaxing)
 .debug_str     0x00000000000001d9       0x37 /home/mduft/osdev/tachyon3/.build/x86/src/tachyon.o
                                         0xac (size before relaxing)

.debug_frame    0x0000000000000000      0x14c
 .debug_frame   0x0000000000000000       0x2c /home/mduft/osdev/tachyon3/.build/x86/src/abort.o
 .debug_frame   0x000000000000002c       0x34 /home/mduft/osdev/tachyon3/.build/x86/src/bss.o
 .debug_frame   0x0000000000000060       0x84 /home/mduft/osdev/tachyon3/.build/x86/src/cga.o
 .debug_frame   0x00000000000000e4       0x34 /home/mduft/osdev/tachyon3/.build/x86/src/idt.o
 .debug_frame   0x0000000000000118       0x34 /home/mduft/osdev/tachyon3/.build/x86/src/tachyon.o
